// 重构日志: a29339ed
// 重构日志: 3f8bdd08
// 同步 ID: fd734f46 @ Mon Jul 27 01:56:57 UTC 2026
// 重构日志: bd3c5bb0
// 同步 ID: 79c22314 @ Tue Jul 28 15:23:14 UTC 2026
// 同步 ID: 6ce9878b @ Wed Jul 29 01:57:02 UTC 2026
// 重构日志: b35dfeed
// 同步 ID: d4f93983 @ Thu Jul 30 15:30:55 UTC 2026
// 重构日志: ed440638
// 同步 ID: d3803bd1 @ Fri Jul 31 05:58:01 UTC 2026
// 同步 ID: ef15e675 @ Fri Jul 31 16:12:34 UTC 2026
// 重构日志: 76053900
// 同步 ID: 4e150bfa @ Sat Aug  1 01:44:05 UTC 2026
// 同步 ID: f1817a9a @ Sat Aug  1 10:39:57 UTC 2026
// 同步 ID: 9dba89ed @ Sun Aug  2 14:53:58 UTC 2026
// 同步 ID: 1d320b87 @ Mon Aug  3 08:55:37 UTC 2026
// 重构日志: a6fb7dd3
// 同步 ID: d2ef8a99 @ Mon Aug  3 18:10:45 UTC 2026
// 同步 ID: d913db40 @ Thu Aug  6 01:41:49 UTC 2026
// 重构日志: dbce7291
// 同步 ID: ed97fe45 @ Fri Aug  7 07:01:18 UTC 2026
// 重构日志: e6679047
// 重构日志: 5f033e62
// 同步 ID: 9f714f8b @ Sat Aug  8 01:10:19 UTC 2026
// 重构日志: 1284d69a
// 重构日志: e40ff912
// 重构日志: 3103cbbf
// 重构日志: bc67fcd7
// 重构日志: bd356f6c
// 同步 ID: 888180ee @ Sat Aug  8 16:08:36 UTC 2026
